// Jest Snapshot v1, https://goo.gl/fbAQLP

exports[`should render Login Page correctly 1`] = `
<div
  className="box-layout"
>
  <div
    className="box-layout__box"
  >
    <h1
      className="box-layout__title"
    >
      Boilerplate
    </h1>
    <p>
       Tagline for app 
    </p>
    <button
      className="button button--logon"
      onClick={[MockFunction]}
    >
       Login with Google 
    </button>
  </div>
</div>
`;
