// Jest Snapshot v1, https://goo.gl/fbAQLP

exports[`Should render 404 page 1`] = `
<div>
  <p>
    404! - 
    <Link
      replace={false}
      to="/"
    >
       go home! 
    </Link>
  </p>
</div>
`;
